Full rubric text:

English B2 Level – Article Writing Rubric
This rubric covers B2-level English article writing tasks to obtain the corresponding CEFR certificate.
It describes performance levels 1 through 5, using CEFR criteria.
1 Task Achievement
Level Task Achievement Performance Descriptors (B2 Writing –
Article)
5 (Excellent) The text fully develops all content points with a wide range of
relevant ideas and supporting details. It meets all the task
requirements and text type conventions (including appropriate format
and length for an article). Register and tone are entirely
appropriate for the target context and are consistently maintained.
The writing is well-organized and coherent, fully achieving the
task’s purpose – the target reader is fully informed and engaged.
4 (Good) The text addresses all the main content points with relevant
information, though some points could be more fully developed. It
generally follows the required article format and conventions with only
minor lapses (e.g. slight length deviation or minor format
inconsistencies). Register and style are mostly appropriate for
the task, with only occasional inconsistencies. The text is generally
well-organized and clear, achieving the task with only minor
shortcomings. The target reader is well informed overall.
3 (Satisfactory) The text addresses most of the required content points, with
generally relevant information, though one or two points may be
underdeveloped or omitted. There are several inconsistencies in
following the article format and conventions, and the register or tone
is not always appropriate for the task. The writing is adequately
organized, and the task is mostly achieved. The target reader is on
the whole informed, though a clearer overall structure would
improve communication.
2 (Limited) The text addresses only some of the content points. Other key points
are missing or only superficially covered, and parts of the text may be
irrelevant to the task. It fails to meet many of the article forma...

Extracted 25 levels.

Detected Example 1 on page 1, line 13
Captured title: 'Being at classroom' for Example 1
Score text block: B2 TASK You have just seen the following advertisement in the university magazine: Share with us what you think about the importance of physically attending classes in- person for university students instead of online classes. We’re looking for articles about the benefits of studying in a classroom with a teacher. The best article will be published in our university magazine and the winner will receive a €200 gift card. You have decided to contribute, write an ARTICLE in which you: • Explain why...
Extracted scores for Example 1: {'TA': 3.0, 'CC': 4.0, 'GR': 3.0, 'LR': 4.0, 'OWP': 4.0}

Detected Example 2 on page 2, line 0
Captured title: '“Academic Excellence”' for Example 2
Score text block: Example 2 “Academic Excellence” Waking up at early hours in the morning can be classified as a daunting task, more so if we must go to class. Falling back to sleep whilst watching your online classes can cost you time and your academic success. Having this in mind, in this article I’ll be going over the main reasons as to why university students should physically attend to their classes. Have you ever felt lost during a class? Because I have, a ton of times. Thankfully, due to my physical attend...
Extracted scores for Example 2: {'TA': 5.0, 'CC': 4.0, 'GR': 4.0, 'LR': 4.0, 'OWP': 5.0}

Detected Example 3 on page 3, line 0
Captured title: 'Why students shoud retake the physical class attending format' for Example 3
Score text block: Example 3 Why students shoud retake the physical class attending format A couple weeks before, a DANA hit Valencia by surprise and many people was affected by it. For this reason, universities have decided to continue the lessons in online-hybrid. format, wich avoids students to commute to the university and makes things eaiser for them. Despite this, online classes have demonstrated not to be as effective as presential ones. Many students can’t keep their focus on studies being all day at their...
Extracted scores for Example 3: {'TA': 4.0, 'CC': 3.0, 'GR': 3.0, 'LR': 4.0, 'OWP': 3.0}

Detected Example 4 on page 4, line 0
Captured title: 'Other ways of teaching.' for Example 4
Score text block: Example 4 Other ways of teaching. Physically attending classes used to be the normal way to teach. at the university. But sometimes, because of several curcunstances, we have also tried online classes. Online classes and are full of distractions lack of responsability because the teacher don't know what you are doing. This deserves in a reduced learning. Students often don't ask questions or pay attention, so physically attending classes are the best way to avoid this from happening. In-person c...
Extracted scores for Example 4: {'TA': 4.0, 'CC': 3.0, 'GR': 3.0, 'LR': 3.0, 'OWP': 3.0}

Detected Example 5 on page 5, line 0
Captured title: 'Are closes in on the best way to learn?' for Example 5
Score text block: Example 5 Are closes in on the best way to learn? Nowadays it is essential to know about alls ways we have to teaching. First of all, the online classes can be comfertable, because you don't need to get out of your house to learn In spite of that, when you have a teacher by your side, you feel the class more personal and a support can be feeling by the students. -Maeover, I strongly believe that attend the lesson in-person instead of online, con make your works will be better. Thus, going to cla...
Extracted scores for Example 5: {'TA': 4.0, 'CC': 3.0, 'GR': 2.0, 'LR': 2.0, 'OWP': 3.0}

Detected Example 6 on page 6, line 0
Captured title: 'Presentiality or online?' for Example 6
Score text block: Example 6 Presentiality or online? Since the technology has been improving, the education has also been changing. One of the firsts aspects that changed was the presentiality. However, is it better to do physically classes or online? The most common way of education all along the history are the physically attended classes It is proved that these type of classes Improve our skills and learnings. Furthermore being able to socialize with others brings us more knowledge due to the fact that we can ...
Extracted scores for Example 6: {'TA': 3.0, 'CC': 2.0, 'GR': 2.0, 'LR': 3.0, 'OWP': 3.0}

Detected Example 7 on page 7, line 0
Captured title: 'Attending classes physically or online' for Example 7
Score text block: Example 7 Attending classes physically or online Since the creation of internet classes and studying have been experiencing different changes. All these changes lead to an actuality problem. More specificly, wether if students should go physically to classes or attend instead attend online. First of all it is well known that going physically to classes con improve learning facilities. Maybe you are questioning yourself about how is that posible. Well, it promotes activity for instance if you are...
Extracted scores for Example 7: {'TA': 3.0, 'CC': 3.0, 'GR': 2.0, 'LR': 3.0, 'OWP': 3.0}

Detected Example 8 on page 8, line 0
Captured title: 'Physically attending classes in-person' for Example 8
Score text block: Example 8 Physically attending classes in-person Nowadays it's normal do homeoffice and have online classes, after the Covid - 19 we had to adapt some ways to keep going, and one of the way is to do things online, like work, classes, experiments etc. Firstly with attending classes learning because you can with your teacher can improve learning because you can have eye contact with your teacher and friends, booth sides can feel, if the student have learned and the teacher have teached. in the cla...
Extracted scores for Example 8: {'TA': 3.0, 'CC': 2.0, 'GR': 1.0, 'LR': 1.0, 'OWP': 1.0}

Detected Example 9 on page 9, line 0
Captured title: 'Face to face with your teacher' for Example 9
Score text block: Example 9 Face to face with your teacher How does affect attending classes in person? Since Covid 19 times, online classes are more frequent and a great number of students preffer them instead af gaing physically to their universities However which are the reasons to choose attending lessons in person? Firstly, it is believed by many experts and university tutors that the process of learning a subject starts at the classroom. Listening and writing in class could help you noticing about things th...
Extracted scores for Example 9: {'TA': 4.0, 'CC': 3.0, 'GR': 2.0, 'LR': 2.0, 'OWP': 3.0}

Detected Example 10 on page 10, line 0
Captured title: 'CLASSES IN PERSON Vs ONLINE CLASSES,' for Example 10
Score text block: Example 10 CLASSES IN PERSON Vs ONLINE CLASSES, If you are one of those people who don't know if classes in - person are better than online lessons, this article is for you. Firstly, it is a fact that we can't comparate actual education with the education our grandparents have received. Due to this part, physically attending could help us to be more concentrate when we do some task. Moreover, we hove the opportunity to ask a teacher, in the case we have some doubts. At the university attending d...
Extracted scores for Example 10: {'TA': 3.0, 'CC': 2.0, 'GR': 1.0, 'LR': 2.0, 'OWP': 2.0}

Detected Example 11 on page 11, line 0
Captured title: 'Do you think attending classes in-person have an added value?' for Example 11
Score text block: Example 11 Do you think attending classes in-person have an added value? Nowadays, online learning is becoming increasingly popular these days at universities, but it should not underestimate the importance of attending classes in-person. Not only participating face-to-face learning enrichs academic experience at but it also provides students with essential resources. Besides, it promotes a sense of community that can not be acquired online. Additionally, the main benefit of attending classes-in...
Extracted scores for Example 11: {'TA': 5.0, 'CC': 4.0, 'GR': 3.0, 'LR': 5.0, 'OWP': 4.0}

Detected Example 12 on page 12, line 0
Captured title: 'Are online classes as bright as they should?' for Example 12
Score text block: Example 12 Are online classes as bright as they should? Nowadays it is shared the believe that every schedule will improve if work it becomes online. Thousands of experts are arguing about the way students are evolving during this technological change. To begin with, it is known that online classes became real in 2020, with the CoviD-19 crisis. Nobody could go out of their houses, so the colleges and universities started to show their employees how to teach with their laptops and gadgets. Nevert...
Extracted scores for Example 12: {'TA': 3.0, 'CC': 4.0, 'GR': 3.0, 'LR': 4.0, 'OWP': 4.0}

Detected Example 13 on page 13, line 0
Captured title: 'THE BEST WAY TO LEARN' for Example 13
Score text block: Example 13 THE BEST WAY TO LEARN Nowadays, online classes are getting more and more common between universities. But are they the best way to learn? Firstly, physically attending classes are funnier. It is easier for students to keep their focus when they are listening to a person, in this case the teacher, and not a computer. The communication is more fluent as you get to see gestures and expressions. Another advantage of physically attending classes is that students can use other resources, su...
Extracted scores for Example 13: {'TA': 4.0, 'CC': 4.0, 'GR': 4.0, 'LR': 3.0, 'OWP': 4.0}

